git操作ログ
---

pick7110@SURFACE MINGW64 ~/Desktop/udemy/MyFirstGit-Github/intro_git (master)
$ git remote add origin https://github.com/pick7110/intro_git
fatal: remote origin already exists.

pick7110@SURFACE MINGW64 ~/Desktop/udemy/MyFirstGit-Github/intro_git (master)
$ git push origin master
Enumerating objects: 22, done.
Counting objects: 100% (22/22), done.
Delta compression using up to 8 threads
Compressing objects: 100% (16/16), done.
Writing objects: 100% (20/20), 1.89 KiB | 215.00 KiB/s, done.
Total 20 (delta 5), reused 0 (delta 0), pack-reused 0
remote: Resolving deltas: 100% (5/5), done.
To https://github.com/pick7110/intro_git.git
   24d2cda..60f84e9  master -> master

pick7110@SURFACE MINGW64 ~/Desktop/udemy/MyFirstGit-Github/intro_git (master)
$ ls
first.txt  second.txt

pick7110@SURFACE MINGW64 ~/Desktop/udemy/MyFirstGit-Github/intro_git (master)
$ git rm second.txt
rm 'second.txt'

pick7110@SURFACE MINGW64 ~/Desktop/udemy/MyFirstGit-Github/intro_git (master)
$ ls
first.txt

pick7110@SURFACE MINGW64 ~/Desktop/udemy/MyFirstGit-Github/intro_git (master)
$ git status
On branch master
Your branch is up to date with 'origin/master'.

Changes to be committed:
  (use "git restore --staged <file>..." to unstage)
        deleted:    second.txt


pick7110@SURFACE MINGW64 ~/Desktop/udemy/MyFirstGit-Github/intro_git (master)
$ git reset HEAD second.txt
Unstaged changes after reset:
D       second.txt

pick7110@SURFACE MINGW64 ~/Desktop/udemy/MyFirstGit-Github/intro_git (master)
$ git status
On branch master
Your branch is up to date with 'origin/master'.

Changes not staged for commit:
  (use "git add/rm <file>..." to update what will be committed)
  (use "git restore <file>..." to discard changes in working directory)
        deleted:    second.txt

no changes added to commit (use "git add" and/or "git commit -a")

pick7110@SURFACE MINGW64 ~/Desktop/udemy/MyFirstGit-Github/intro_git (master)
$ git checkout second.txt
Updated 1 path from the index

pick7110@SURFACE MINGW64 ~/Desktop/udemy/MyFirstGit-Github/intro_git (master)
$ git status
On branch master
Your branch is up to date with 'origin/master'.

nothing to commit, working tree clean

pick7110@SURFACE MINGW64 ~/Desktop/udemy/MyFirstGit-Github/intro_git (master)
$

pick7110@SURFACE MINGW64 ~/Desktop/udemy/MyFirstGit-Github/intro_git (master)
$ git rm --cached second.txt
rm 'second.txt'

pick7110@SURFACE MINGW64 ~/Desktop/udemy/MyFirstGit-Github/intro_git (master)
$

pick7110@SURFACE MINGW64 ~/Desktop/udemy/MyFirstGit-Github/intro_git (master)
$ ls
first.txt  second.txt

pick7110@SURFACE MINGW64 ~/Desktop/udemy/MyFirstGit-Github/intro_git (master)
$ git status
On branch master
Your branch is up to date with 'origin/master'.

Changes to be committed:
  (use "git restore --staged <file>..." to unstage)
        deleted:    second.txt

Untracked files:
  (use "git add <file>..." to include in what will be committed)
        second.txt


pick7110@SURFACE MINGW64 ~/Desktop/udemy/MyFirstGit-Github/intro_git (master)
$ git reset HEAD second.txt

pick7110@SURFACE MINGW64 ~/Desktop/udemy/MyFirstGit-Github/intro_git (master)
$ ls
first.txt  second.txt

pick7110@SURFACE MINGW64 ~/Desktop/udemy/MyFirstGit-Github/intro_git (master)
$ git status
On branch master
Your branch is up to date with 'origin/master'.

nothing to commit, working tree clean

pick7110@SURFACE MINGW64 ~/Desktop/udemy/MyFirstGit-Github/intro_git (master)
$

pick7110@SURFACE MINGW64 ~/Desktop/udemy/MyFirstGit-Github/intro_git (master)
$
